_start:
    NAME(id) BEGIN NAME(=) BEGIN NAME(c) SEP NAME(read) BEGIN END END NAME(=) BEGIN NAME(a) SEP NAME(v) BEGIN NAME(c) END END NAME(print) BEGIN NAME(f) BEGIN NAME(v) BEGIN NAME(a) END SEP NAME(v) BEGIN NAME(c) END END END END
f:
    BEGIN NAME(x) SEP NAME(y) END : NAME(*) BEGIN NAME(x) SEP NAME(+) BEGIN NAME(x) SEP NAME(y) END END
