_start:
    NAME(id) BEGIN NAME(=) BEGIN NAME(a) SEP NAME(in) BEGIN END END NAME(print) BEGIN NAME(v) BEGIN NAME(a) END END END
