_start:
    NAME(id) BEGIN NAME(print) BEGIN NAME(fib) BEGIN NUM(40) END END END
fib:
    BEGIN NAME(x) END : NAME(if) BEGIN NAME(<) BEGIN NAME(x) SEP NUM(2) END SEP NAME(x) SEP NAME(ijmp) BEGIN NAME(<) BEGIN NAME(x) SEP NUM(2) END SEP NAME(fake) END NAME(+) BEGIN NAME(fib) BEGIN NAME(-) BEGIN NAME(x) SEP NUM(1) END END SEP NAME(fib) BEGIN NAME(-) BEGIN NAME(x) SEP NUM(2) END END END PLACE(fake) NAME(_) END
