-1::
  BLN(NOP):
    BLN(STR):
      VAR(0),
    BLN(NOP),

