-1::
  BLN(NOP):
    BLN(IFC):
      BLN(LESS):
        NUM(2), COM, NUM(5), BLN(NOP),
      COM, VAR(0), COM, NUM(4), BLN(NOP),
    BLN(NOP),

0::
  BLN(SUM):
    VAL(0), COM, NUM(2), BLN(NOP),

