NAME(f) BEGIN NAME(x) SEP NUM(12) SEP NAME(g) BEGIN NAME(x) SEP NUM(-5) END END EOL
