NAME(ifec) BEGIN NAME(<) BEGIN NAME(a) SEP NUM(3) END SEP SUB_BEG NAME(x) DEF NAME(+) BEGIN NAME(x) SEP NUM(5) END SUB_END SEP SUB_BEG NAME(x) DEF NAME(*) BEGIN NAME(x) SEP END SUB_END SEP NAME(a) END EOL
